../Core/Src/main.c:148:5:main	8	static
../Core/Src/main.c:253:6:SystemClock_Config	72	static
../Core/Src/main.c:290:13:MX_GPIO_Init	40	static
../Core/Src/main.c:326:6:fTaskBlinkShort	32	static
../Core/Src/main.c:355:6:fTaskBlinkLong	32	static
../Core/Src/main.c:384:6:fTaskRealBlink	32	static
../Core/Src/main.c:412:6:fTaskHandlerFSM	24	static
../Core/Src/main.c:449:6:fTaskDelayBlink	24	static
../Core/Src/main.c:471:6:HAL_TIM_PeriodElapsedCallback	16	static
../Core/Src/main.c:488:6:Error_Handler	4	static,ignoring_inline_asm
